iocon_17xx_40xx.h:151:20:Chip_IOCON_Init	16	static
iocon_17xx_40xx.h:190:20:Chip_IOCON_EnableOD	16	static
iocon_17xx_40xx.h:223:20:Chip_IOCON_SetI2CPad	16	static
gpio_17xx_40xx.h:64:20:Chip_GPIO_Init	16	static
gpio_17xx_40xx.h:88:20:Chip_GPIO_SetPinState	16	static
gpio_17xx_40xx.h:106:20:Chip_GPIO_WritePortBit	24	static
gpio_17xx_40xx.h:119:20:Chip_GPIO_GetPinState	16	static
gpio_17xx_40xx.h:132:20:Chip_GPIO_ReadPortBit	24	static
gpio_17xx_40xx.h:144:20:Chip_GPIO_SetPinDIROutput	16	static
gpio_17xx_40xx.h:156:20:Chip_GPIO_SetPinDIRInput	16	static
gpio_17xx_40xx.h:169:20:Chip_GPIO_SetPinDIR	16	static
gpio_17xx_40xx.h:190:20:Chip_GPIO_WriteDirBit	16	static
uart_17xx_40xx.h:309:20:Chip_UART_SendByte	16	static
uart_17xx_40xx.h:322:23:Chip_UART_ReadByte	16	static
uart_17xx_40xx.h:405:20:Chip_UART_ConfigData	16	static
uart_17xx_40xx.h:492:24:Chip_UART_ReadLineStatus	16	static
libconfig-arm.h:247:5:__sys_write	32	static
libconfig-arm.h:241:5:__sys_readc	16	static
board.c:76:13:Board_LED_Init	8	static
board.c:92:6:Board_UART_Init	16	static
board.c:98:6:Board_Debug_Init	8	static
board.c:113:6:Board_UARTPutChar	16	static
board.c:122:5:Board_UARTGetChar	8	static
board.c:133:6:Board_UARTPutSTR	16	static
board.c:143:6:Board_LED_Set	16	static
board.c:160:6:Board_LED_Test	24	static
board.c:177:6:Board_LED_Toggle	16	static
board.c:192:6:Board_Init	8	static
board.c:207:6:Board_ENET_GetMacADDR	24	static
board.c:215:6:Board_SSP_Init	24	static
board.c:248:6:Board_SPI_Init	24	static
board.c:273:6:Board_SPI_AssertSSEL	8	static
board.c:279:6:Board_SPI_DeassertSSEL	8	static
board.c:284:6:Board_Audio_Init	24	static
board.c:298:6:Board_I2C_Init	24	static
board.c:323:6:Board_Buttons_Init	16	static
board.c:333:10:Buttons_GetStatus	16	static
board.c:341:10:UP_Button_GetStatus	16	static
board.c:349:10:DOWN_Button_GetStatus	16	static
board.c:383:6:Board_Joystick_Init	16	static
board.c:395:9:Joystick_GetStatus	16	static
board.c:409:6:Serial_CreateStream	16	static
board.c:412:6:Board_USBD_Init	24	static
